window.stefon_hack_for_om =
  data_uris:
    "/img/status-logos/success.svg": '(data-uri "img/status-logos/success.svg")'
    "/img/logos/salesforce.png": '(data-uri "img/logos/salesforce.png")'
    "/img/logos/samsung.png": '(data-uri "img/logos/samsung.png")'
    "/img/logos/kickstarter.png": '(data-uri "img/logos/kickstarter.png")'
    "/img/logos/cisco.png": '(data-uri "img/logos/cisco.png")'
    "/img/logos/shopify.png": '(data-uri "img/logos/shopify.png")'
    "/img/outer/home/aaron-suggs.jpg": '(data-uri "img/outer/home/aaron-suggs.jpg")'
    "/img/outer/home/john-collison-2.png": '(data-uri "img/outer/home/john-collison-2.png")'
    "/img/outer/home/jon-crawford-2.png": '(data-uri "img/outer/home/jon-crawford-2.png")'
    "/img/outer/home/octocat.png": '(data-uri "img/outer/home/octocat.png")'
    "/img/outer/home/test-output.png": '(data-uri "img/outer/home/test-output.png")'
    "/img/outer/home/deploy.png": '(data-uri "img/outer/home/deploy.png")'

  asset_paths:
    "/img/outer/about/alexey.png": '(asset-path "img/outer/about/alexey.png")'
    "/img/outer/about/alexey@2x.png": '(asset-path "img/outer/about/alexey@2x.png")'
    "/img/outer/about/bear.png": '(asset-path "img/outer/about/bear.png")'
    "/img/outer/about/bear@2x.png": '(asset-path "img/outer/about/bear@2x.png")'
    "/img/outer/about/brady.png": '(asset-path "img/outer/about/brady.png")'
    "/img/outer/about/brady@2x.png": '(asset-path "img/outer/about/brady@2x.png")'
    "/img/outer/about/cayenne.png": '(asset-path "img/outer/about/cayenne.png")'
    "/img/outer/about/cayenne@2x.png": '(asset-path "img/outer/about/cayenne@2x.png")'
    "/img/outer/about/chris.png": '(asset-path "img/outer/about/chris@2x.png")'
    "/img/outer/about/chris@2x.png": '(asset-path "img/outer/about/chris@2x.png")'
    "/img/outer/about/conor.png": '(asset-path "img/outer/about/conor.png")'
    "/img/outer/about/conor@2x.png": '(asset-path "img/outer/about/conor@2x.png")'
    "/img/outer/about/dan.png": '(asset-path "img/outer/about/dan.png")'
    "/img/outer/about/dan@2x.png": '(asset-path "img/outer/about/dan@2x.png")'
    "/img/outer/about/emile.png": '(asset-path "img/outer/about/emile.png")'
    "/img/outer/about/emile@2x.png": '(asset-path "img/outer/about/emile@2x.png")'
    "/img/outer/about/gordon.png": '(asset-path "img/outer/about/gordon.png")'
    "/img/outer/about/gordon@2x.png": '(asset-path "img/outer/about/gordon@2x.png")'
    "/img/outer/about/ian.png": '(asset-path "img/outer/about/ian.png")'
    "/img/outer/about/ian@2x.png": '(asset-path "img/outer/about/ian@2x.png")'
    "/img/outer/about/jen.png": '(asset-path "img/outer/about/jen@2x.png")'
    "/img/outer/about/jen@2x.png": '(asset-path "img/outer/about/jen@2x.png")'
    "/img/outer/about/jenneviere.png": '(asset-path "img/outer/about/jenneviere.png")'
    "/img/outer/about/jenneviere@2x.png": '(asset-path "img/outer/about/jenneviere@2x.png")'
    "/img/outer/about/jia.png": '(asset-path "img/outer/about/jia@2x.png")'
    "/img/outer/about/jia@2x.png": '(asset-path "img/outer/about/jia@2x.png")'
    "/img/outer/about/jim.png": '(asset-path "img/outer/about/jim.png")'
    "/img/outer/about/jim@2x.png": '(asset-path "img/outer/about/jim@2x.png")'
    "/img/outer/about/jonathan-morris.png": '(asset-path "img/outer/about/jonathan-morris@2x.png")'
    "/img/outer/about/jonathan-morris@2x.png": '(asset-path "img/outer/about/jonathan-morris@2x.png")'
    "/img/outer/about/jonathan.png": '(asset-path "img/outer/about/jonathan.png")'
    "/img/outer/about/jonathan@2x.png": '(asset-path "img/outer/about/jonathan@2x.png")'
    "/img/outer/about/justin.png": '(asset-path "img/outer/about/justin@2x.png")'
    "/img/outer/about/justin@2x.png": '(asset-path "img/outer/about/justin@2x.png")'
    "/img/outer/about/kevin.png": '(asset-path "img/outer/about/kevin.png")'
    "/img/outer/about/kevin@2x.png": '(asset-path "img/outer/about/kevin@2x.png")'
    "/img/outer/about/kim.png": '(asset-path "img/outer/about/kim.png")'
    "/img/outer/about/kim@2x.png": '(asset-path "img/outer/about/kim@2x.png")'
    "/img/outer/about/kunal.png": '(asset-path "img/outer/about/kunal@2x.png")'
    "/img/outer/about/kunal@2x.png": '(asset-path "img/outer/about/kunal@2x.png")'
    "/img/outer/about/laura.png": '(asset-path "img/outer/about/laura.png")'
    "/img/outer/about/laura@2x.png": '(asset-path "img/outer/about/laura@2x.png")'
    "/img/outer/about/lizzie.png": '(asset-path "img/outer/about/lizzie.png")'
    "/img/outer/about/lizzie@2x.png": '(asset-path "img/outer/about/lizzie@2x.png")'
    "/img/outer/about/le.png": '(asset-path "img/outer/about/le@2x.png")'
    "/img/outer/about/le@2x.png": '(asset-path "img/outer/about/le@2x.png")'
    "/img/outer/about/lev.png": '(asset-path "img/outer/about/lev@2x.png")'
    "/img/outer/about/lev@2x.png": '(asset-path "img/outer/about/lev@2x.png")'
    "/img/outer/about/mahmood.png": '(asset-path "img/outer/about/mahmood.png")'
    "/img/outer/about/mahmood@2x.png": '(asset-path "img/outer/about/mahmood@2x.png")'
    "/img/outer/about/marc.png": '(asset-path "img/outer/about/marc.png")'
    "/img/outer/about/marc@2x.png": '(asset-path "img/outer/about/marc@2x.png")'
    "/img/outer/about/mark.png": '(asset-path "img/outer/about/mark.png")'
    "/img/outer/about/mark@2x.png": '(asset-path "img/outer/about/mark@2x.png")'
    "/img/outer/about/mike.png": '(asset-path "img/outer/about/mike.png")'
    "/img/outer/about/mike@2x.png": '(asset-path "img/outer/about/mike@2x.png")'
    "/img/outer/about/nick.png": '(asset-path "img/outer/about/nick.png")'
    "/img/outer/about/nick@2x.png": '(asset-path "img/outer/about/nick@2x.png")'
    "/img/outer/about/paul.png": '(asset-path "img/outer/about/paul.png")'
    "/img/outer/about/paul@2x.png": '(asset-path "img/outer/about/paul@2x.png")'
    "/img/outer/about/peter.png": '(asset-path "img/outer/about/peter.png")'
    "/img/outer/about/peter@2x.png": '(asset-path "img/outer/about/peter@2x.png")'
    "/img/outer/about/rishi.png": '(asset-path "img/outer/about/rishi@2x.png")'
    "/img/outer/about/rishi@2x.png": '(asset-path "img/outer/about/rishi@2x.png")'
    "/img/outer/about/rob.png": '(asset-path "img/outer/about/rob.png")'
    "/img/outer/about/rob@2x.png": '(asset-path "img/outer/about/rob@2x.png")'
    "/img/outer/about/robin.png": '(asset-path "img/outer/about/robin.png")'
    "/img/outer/about/robin@2x.png": '(asset-path "img/outer/about/robin@2x.png")'
    "/img/outer/about/thomas.png": '(asset-path "img/outer/about/thomas@2x.png")'
    "/img/outer/about/thomas@2x.png": '(asset-path "img/outer/about/thomas@2x.png")'
    "/img/outer/about/timr.png": '(asset-path "img/outer/about/timr.png")'
    "/img/outer/about/timr@2x.png": '(asset-path "img/outer/about/timr@2x.png")'
    "/img/outer/about/travis.png": '(asset-path "img/outer/about/travis@2x.png")'
    "/img/outer/about/travis@2x.png": '(asset-path "img/outer/about/travis@2x.png")'
    "/img/outer/languages/build-screenshot-python.png": '(asset-path "img/outer/languages/build-screenshot-python.png")'
    "/img/outer/stories/john.jpg": '(asset-path "img/outer/stories/john.jpg")'
    "/img/outer/stories/arthur.jpg": '(asset-path "img/outer/stories/arthur.jpg")'
    "/img/outer/signup/github-example.png": '(asset-path "img/outer/signup/github-example.png")'
    "/img/container-oriented.png": '(asset-path "img/container-oriented.png")'
    "/img/docs/artifacts.png": '(asset-path "img/docs/artifacts.png")'
    "/img/outer/docs/artifacts_listing.png": '(asset-path "img/outer/docs/artifacts_listing.png")'
    "/img/outer/docs/coverage_example.png": '(asset-path "img/outer/docs/coverage_example.png")'
    "/img/docs/heroku-step1.png": '(asset-path "img/docs/heroku-step1.png")'
    "/img/docs/heroku-step2.png": '(asset-path "img/docs/heroku-step2.png")'
    "/img/outer/home/aaron-suggs.jpg": '(asset-path "img/outer/home/aaron-suggs.jpg")'
    "/img/outer/home/aaron-suggs.png":  '(asset-path "img/outer/home/aaron-suggs.png")'
    "/img/outer/home/alan-kennedy.png": '(asset-path "img/outer/home/alan-kennedy.png")'
    "/img/outer/home/ciaran-lee.png":   '(asset-path "img/outer/home/ciaran-lee.png")'
    "/img/outer/home/john-duff.png":    '(asset-path "img/outer/home/john-duff.png")'
    "/img/outer/home/justin-watt.png":  '(asset-path "img/outer/home/justin-watt.png")'
    "/img/outer/home/david-lowe.png":  '(asset-path "img/outer/home/david-lowe.png")'
    "/img/outer/docs/ssh-build-button-current.png": '(asset-path "img/outer/docs/ssh-build-button-current.png")'
    "/img/outer/docs/ssh-build-button-rebuild.png": '(asset-path "img/outer/docs/ssh-build-button-rebuild.png")'
    "/img/outer/docs/ssh-build-details.png": '(asset-path "img/outer/docs/ssh-build-details.png")'
    "/img/outer/docs/circle-ui.png": '(asset-path "img/outer/docs/circle-ui.png")'
    "/img/outer/docs/jenkins-ui.png": '(asset-path "img/outer/docs/jenkins-ui.png")'
    "/img/outer/docs/code-signing-correct-step-output.png": '(asset-path "img/outer/docs/code-signing-correct-step-output.png")'
    "/img/outer/docs/code-signing-key-uploaded.png": '(asset-path "img/outer/docs/code-signing-key-uploaded.png")'
    "/img/outer/docs/code-signing-settings-section.png": '(asset-path "img/outer/docs/code-signing-settings-section.png")'
    "/img/outer/docs/code-signing-spash-screen.png": '(asset-path "img/outer/docs/code-signing-spash-screen.png")'
    "/docs/adding-read-write-deployment-key.md": '(asset-path "docs/adding-read-write-deployment-key.md")'
    "/docs/shipio-to-circleci-migration.md": '(asset-path "docs/shipio-to-circleci-migration.md")'
    "/docs/api.md": '(asset-path "docs/api.md")'
    "/docs/android.md": '(asset-path "docs/android.md")'
    "/docs/background-process.md": '(asset-path "docs/background-process.md")'
    "/docs/browser-debugging.md": '(asset-path "docs/browser-debugging.md")'
    "/docs/browser-testing-with-sauce-labs.md": '(asset-path "docs/browser-testing-with-sauce-labs.md")'
    "/docs/build-artifacts.md": '(asset-path "docs/build-artifacts.md")'
    "/docs/bundler-latest.md": '(asset-path "docs/bundler-latest.md")'
    "/docs/cabal-test-timeout.md": '(asset-path "docs/cabal-test-timeout.md")'
    "/docs/cant-follow.md": '(asset-path "docs/cant-follow.md")'
    "/docs/capybara-timeout.md": '(asset-path "docs/capybara-timeout.md")'
    "/docs/chromedriver-moving-elements.md": '(asset-path "docs/chromedriver-moving-elements.md")'
    "/docs/clojure-12.md": '(asset-path "docs/clojure-12.md")'
    "/docs/code-coverage.md": '(asset-path "docs/code-coverage.md")'
    "/docs/composer-api-rate-limit.md": '(asset-path "docs/composer-api-rate-limit.md")'
    "/docs/config-sample.md": '(asset-path "docs/config-sample.md")'
    "/docs/configuration.md": '(asset-path "docs/configuration.md")'
    "/docs/continuous-deployment-with-ninefold.md": '(asset-path "docs/continuous-deployment-with-ninefold.md")'
    "/docs/continuous-deployment-with-heroku.md": '(asset-path "docs/continuous-deployment-with-heroku.md")'
    "/docs/continuous-deployment-with-aws-codedeploy.md": '(asset-path "docs/continuous-deployment-with-aws-codedeploy.md")'
    "/docs/continuous-deployment.md": '(asset-path "docs/continuous-deployment.md")'
    "/docs/deploy-google-app-engine.md": '(asset-path "docs/deploy-google-app-engine.md")'
    "/docs/deploy-bluemix.md": '(asset-path "docs/deploy-bluemix.md")'
    "/docs/docker.md": '(asset-path "docs/docker.md")'
    "/docs/dont-run.md": '(asset-path "docs/dont-run.md")'
    "/docs/environment-variables.md": '(asset-path "docs/environment-variables.md")'
    "/docs/environment.md": '(asset-path "docs/environment.md")'
    "/docs/external-resources.md": '(asset-path "docs/external-resources.md")'
    "/docs/faq.md": '(asset-path "docs/faq.md")'
    "/docs/file-ordering.md": '(asset-path "docs/file-ordering.md")'
    "/docs/filesystem.md": '(asset-path "docs/filesystem.md")'
    "/docs/fork-pr-builds.md": '(asset-path "docs/fork-pr-builds.md")'
    "/docs/getting-started.md": '(asset-path "docs/getting-started.md")'
    "/docs/gettingstarted.md": '(asset-path "docs/gettingstarted.md")'
    "/docs/git-bundle-install.md": '(asset-path "docs/git-bundle-install.md")'
    "/docs/git-npm-install.md": '(asset-path "docs/git-npm-install.md")'
    "/docs/git-pip-install.md": '(asset-path "docs/git-pip-install.md")'
    "/docs/github-3rdparty-app-restrictions.md": '(asset-path "docs/github-3rdparty-app-restrictions.md")'
    "/docs/github-permissions.md": '(asset-path "docs/github-permissions.md")'
    "/docs/github-privacy.md": '(asset-path "docs/github-privacy.md")'
    "/docs/github-security-ssh-keys.md": '(asset-path "docs/github-security-ssh-keys.md")'
    "/docs/google-auth.md": '(asset-path "docs/google-auth.md")'
    "/docs/google-cloud-platform.md": '(asset-path "docs/google-cloud-platform.md")'
    "/docs/google-cloud-test-lab.md": '(asset-path "docs/google-cloud-test-lab.md")'
    "/docs/how-cache-works.md": '(asset-path "docs/how-cache-works.md")'
    "/docs/how-parallelism-works.md": '(asset-path "docs/how-parallelism-works.md")'
    "/docs/how-to.md": '(asset-path "docs/how-to.md")'
    "/docs/installing-custom-software.md": '(asset-path "docs/installing-custom-software.md")'
    "/docs/installing-elasticsearch.md": '(asset-path "docs/installing-elasticsearch.md")'
    "/docs/introduction-to-continuous-deployment.md": '(asset-path "docs/introduction-to-continuous-deployment.md")'
    "/docs/ios.md": '(asset-path "docs/ios.md")'
    "/docs/ios-code-signing.md": '(asset-path "docs/ios-code-signing.md")'
    "/docs/language-haskell.md": '(asset-path "docs/language-haskell.md")'
    "/docs/language-java.md": '(asset-path "docs/language-java.md")'
    "/docs/language-nodejs.md": '(asset-path "docs/language-nodejs.md")'
    "/docs/language-php.md": '(asset-path "docs/language-php.md")'
    "/docs/language-python.md": '(asset-path "docs/language-python.md")'
    "/docs/language-ruby-on-rails.md": '(asset-path "docs/language-ruby-on-rails.md")'
    "/docs/language-scala.md": '(asset-path "docs/language-scala.md")'
    "/docs/languages.md": '(asset-path "docs/languages.md")'
    "/docs/look-at-code.md": '(asset-path "docs/look-at-code.md")'
    "/docs/manually.md": '(asset-path "docs/manually.md")'
    "/docs/migrating-from-jenkins.md": '(asset-path "docs/migrating-from-jenkins.md")'
    "/docs/missing-dir.md": '(asset-path "docs/missing-dir.md")'
    "/docs/missing-file.md": '(asset-path "docs/missing-file.md")'
    "/docs/mobile.md": '(asset-path "docs/mobile.md")'
    "/docs/nightly-builds.md": '(asset-path "docs/nightly-builds.md")'
    "/docs/oom.md": '(asset-path "docs/oom.md")'
    "/docs/parallel-manual-setup.md": '(asset-path "docs/parallel-manual-setup.md")'
    "/docs/parallelism.md": '(asset-path "docs/parallelism.md")'
    "/docs/parameterized-builds.md": '(asset-path "docs/parameterized-builds.md")'
    "/docs/permissions-and-access-during-deployment.md": '(asset-path "docs/permissions-and-access-during-deployment.md")'
    "/docs/php-memcached-compile-error.md": '(asset-path "docs/php-memcached-compile-error.md")'
    "/docs/polling-project-status.md": '(asset-path "docs/polling-project-status.md")'
    "/docs/privacy-security.md": '(asset-path "docs/privacy-security.md")'
    "/docs/reference.md": '(asset-path "docs/reference.md")'
    "/docs/requires-admin.md": '(asset-path "docs/requires-admin.md")'
    "/docs/rspec-exit-codes.md": '(asset-path "docs/rspec-exit-codes.md")'
    "/docs/ruby-debugger-problems.md": '(asset-path "docs/ruby-debugger-problems.md")'
    "/docs/ruby-exception-during-schema-load.md": '(asset-path "docs/ruby-exception-during-schema-load.md")'
    "/docs/skip-a-build.md": '(asset-path "docs/skip-a-build.md")'
    "/docs/ssh-build.md": '(asset-path "docs/ssh-build.md")'
    "/docs/ssh-between-build-containers.md": '(asset-path "docs/ssh-between-build-containers.md")'
    "/docs/status-badges.md": '(asset-path "docs/status-badges.md")'
    "/docs/test-metadata.md": '(asset-path "docs/test-metadata.md")'
    "/docs/test-with-solr.md": '(asset-path "docs/test-with-solr.md")'
    "/docs/test-with-sphinx.md": '(asset-path "docs/test-with-sphinx.md")'
    "/docs/time-day.md": '(asset-path "docs/time-day.md")'
    "/docs/time-date.md": '(asset-path "docs/time-date.md")'
    "/docs/time-seconds.md": '(asset-path "docs/time-seconds.md")'
    "/docs/troubleshooting-browsers.md": '(asset-path "docs/troubleshooting-browsers.md")'
    "/docs/troubleshooting-clojure.md": '(asset-path "docs/troubleshooting-clojure.md")'
    "/docs/troubleshooting-guide.md": '(asset-path "docs/troubleshooting-guide.md")'
    "/docs/troubleshooting-haskell.md": '(asset-path "docs/troubleshooting-haskell.md")'
    "/docs/troubleshooting-nodejs.md": '(asset-path "docs/troubleshooting-nodejs.md")'
    "/docs/troubleshooting-php.md": '(asset-path "docs/troubleshooting-php.md")'
    "/docs/troubleshooting-python.md": '(asset-path "docs/troubleshooting-python.md")'
    "/docs/troubleshooting-ruby.md": '(asset-path "docs/troubleshooting-ruby.md")'
    "/docs/troubleshooting.md": '(asset-path "docs/troubleshooting.md")'
    "/docs/unusual.md": '(asset-path "docs/unusual.md")'
    "/docs/what-happens.md": '(asset-path "docs/what-happens.md")'
    "/docs/not-specified-ruby-commands.md": '(asset-path "docs/not-specified-ruby-commands.md")'
    "/docs/unrecognized-ruby-version.md": '(asset-path "docs/unrecognized-ruby-version.md")'
    "/docs/pushing-packages-to-packagecloud.md": '(asset-path "docs/pushing-packages-to-packagecloud.md")'
    "/docs/setting-up-parallelism.md": '(asset-path "docs/setting-up-parallelism.md")'
    "/docs/unexpected-rake-errors.md": '(asset-path "docs/unexpected-rake-errors.md")'
